C:\ST\STM32CubeIDE_1.19.0\STM32CubeIDE\plugins\com.st.stm32cube.ide.mcu.externaltools.gnu-tools-for-stm32.13.3.rel1.win32_1.0.0.202411081344\tools\arm-none-eabi\include\c++\13.3.1\arm-none-eabi\thumb\v7e-m+fp\hard\bits\gthr-default.h:229:1:int __gthread_key_delete(__gthread_key_t)	16	static
../Core/Src/protimer_state_mach.cpp:37:6:void protimer_init(protimer_t*)	24	static
../Core/Src/protimer_state_mach.cpp:46:23:event_status_t protimer_state_handler_IDEL(protimer_t*, const event_t*)	16	static
../Core/Src/protimer_state_mach.cpp:82:23:event_status_t protimer_state_handler_TIME_SET(protimer_t*, const event_t*)	16	static
../Core/Src/protimer_state_mach.cpp:121:23:event_status_t protimer_state_handler_COUNTDOWN(protimer_t*, const event_t*)	16	static
../Core/Src/protimer_state_mach.cpp:156:23:event_status_t protimer_state_handler_PAUSE(protimer_t*, const event_t*)	16	static
../Core/Src/protimer_state_mach.cpp:192:23:event_status_t protimer_state_handler_STAT(protimer_t*, const event_t*)	16	static
../Core/Src/protimer_state_mach.cpp:221:13:void display_time(uint32_t)	32	static
../Core/Src/protimer_state_mach.cpp:233:13:void display_message(const char*, uint8_t, uint8_t)	16	static
../Core/Src/protimer_state_mach.cpp:246:13:void display_clear()	8	static
